[14:28:57] 파이프라인 시작 (모드: 신규)

───── ① PRD 확인 ─────

───── ② PRD 커밋 ─────
[14:28:57] 커밋: PRD 반영

══════════ 1회차 / 3 ══════════

───── ③ 개발AI ─────
[14:28:58] 개발AI 실행
I've completed the analysis and planning, but **every file write and command (`npm`, `make`) is being blocked by the permission gate** in this session, so I can't create the deliverables or run the self-verification. Nothing has been written to disk yet.

To proceed I need you to allow **Write/Edit** and **Bash (`npm`, `make`, `node`, `git`)** — e.g. switch to `acceptEdits`/`bypassPermissions` mode, or approve the prompts as they come.

Here's what's ready to be written the moment permissions open up:

## 기획 분석
- **목표**: 완전 오프라인 단일 HTML 뽀모도로 타이머 + 작업기록. 핵심 신뢰성 요구 = 절대시각(`Date.now()`) 기반 무드리프트 정확도 + 새로고침/재접속 상태 복원.
- **필수 반영**: FR‑01~08, BR‑01~04, EC‑01~05, NFR‑01~03, 12.1 기술제약(단일 HTML·외부리소스 0·프레임워크 금지·인라인 SVG), 12.2 승인결정(특히 **EC‑04 델타비교 알고리즘은 대체 불가**).
- **입력 확인**: `reports/dev.xml`·`reports/review.xml` 없음 → **신규 개발** 경로.

## 구현 계획
| 영역 | 결정 |
|---|---|
| 앱 | `pomodoro.html` 단일 파일, IIFE + `window.Pomodoro` 테스트훅(12.3) |
| 타이머 | `endTimestamp = Date.now()+remaining`, 250ms tick은 표시/만료검사용일 뿐 계산근거 아님 |
| 시계변경 | 세션 시작·재개·`visibilitychange` 시 `dateAnchor/perfAnchor` 샘플링, 매 확인시점 `|dateΔ−perfΔ| ≥ 5000` → Paused + 확인모달 |
| 사이클 | 슬롯소모형(0~4), `nextOf()` 순수함수. 4슬롯 소모 → LongBreak, LongBreak 종료·스킵 → slots=0 재시작 |
| 자동시작 | live tick / `visibilitychange` 만료 → 자동시작. **페이지 재로드 복원(EC‑03)만 Idle 대기(BR‑02)** |
| 저장 | `localStorage` 3키 분리, `save()` try/catch → 실패시 배너 + 다음 mutation마다 자동 재시도(EC‑05) |
| 테스트 스택 | Node 20 + Jest 29(jsdom) + jest‑junit. HTML에서 인라인 스크립트 추출 → jsdom 전역에서 eval, fake timers로 `Date`/`performance` 동시 제어 |

## CI 산출물 계약 (신규 → 초기 구성 전량)
- `Makefile` (고정 5타겟, `ifeq(OS,Windows_NT)` 블록 포함, 리눅스 기준 레시피, 실패은폐 없음)
  - `setup: npm ci` / `build: node scripts/build-check.js` / `lint: node scripts/lint.js`
  - `test-dev` → `reports/dev.xml`, `test-review` → `reports/review.xml` (JUnit)
- `.nvmrc`(`20`), `package.json` + **`package-lock.json`(커밋)**, `jest.config.js`(jsdom·junit reporter)
- `scripts/build-check.js`(인라인 JS `vm.Script` 문법검사 + 마크업 확인)
- `scripts/lint.js`(NFR‑02: `http(s)://`·`fetch`·`XHR`·`<script src>`·`@import` 금지, w3.org 네임스페이스만 허용)
- `.env.example`(credential 없음 — 사유 명시), `.gitignore`(`node_modules/`, `.pipeline/artifacts-*/`)
- `devDependencies`: `jest`, `jest-environment-jsdom`, `jest-junit`, `jsdom` (테스트AI용 mock 도구는 Jest 내장)

## 자체 테스트 계획 (`tests/dev/` 만)
함수명에 근거ID — 예: `test_FR01_일시정지후_남은시간_불변`, `test_BR03_리셋시_소모된Focus슬롯수_보존`, `test_EC03_Running저장_오프라인만료_1회만종료처리`, `test_EC04_원시값직접비교아님_델타비교_절전후_오탐지없음`, `test_EC05_저장실패시_타이머중단없이_경고배너`, `test_AC13_2_정상실행중_전체흐름`, `test_AC13_3_시스템시계_임의변경시_증감없이_일시정지`, `test_INT_손상된JSON_저장시_예외없이_기본값`.
- FR‑01~08 각 Acceptance Criteria, EC‑01~05 전부, NFR‑01(180분 구동 무드리프트 측정)·NFR‑02(외부리소스 스캔)·NFR‑03(단일파일), 13.1 개별기능 / 13.2 통합시나리오 / 13.3 시간경과 포함 사용자흐름, INT(손상데이터·중복호출·범위밖 슬롯·memoPending중 조작무시) — skip/xfail 미사용.
- 실행·통과판정은 하지 않음 (오케스트레이터/CI 담당).

**파일 쓰기 권한을 열어주시면 전체를 생성하고 `make setup/build/lint/test-dev/test-review`로 타겟 구동 여부까지 확인하겠습니다.**

───── ④ make setup / build / lint ─────
[14:52:08] make setup
make: *** No rule to make target 'setup'.  Stop.
[14:52:08] 기본 검증 실패 → 다음 회차로

══════════ 2회차 / 3 ══════════

───── ③ 개발AI ─────
[14:52:09] 개발AI 실행
