[15:29:21] 파이프라인 시작 (모드: 재개)

───── ① ② 건너뜀 (--resume) ─────
[15:29:21] 기존 PRD와 reports/ 를 그대로 사용합니다

══════════ 1회차 / 3 ══════════

───── ③ 개발AI ─────
[15:29:22] 개발AI 실행
You've hit your session limit · resets 3:30pm (Asia/Seoul)
[15:29:25] 개발AI CLI가 비정상 종료했습니다 (코드 1)
[15:29:25] 개발AI CLI 실패 → 다음 회차로

══════════ 2회차 / 3 ══════════

───── ③ 개발AI ─────
[15:29:26] 개발AI 실행
You've hit your session limit · resets 3:30pm (Asia/Seoul)
[15:29:29] 개발AI CLI가 비정상 종료했습니다 (코드 1)
[15:29:29] 개발AI CLI 실패 → 다음 회차로

══════════ 3회차 / 3 ══════════

───── ③ 개발AI ─────
[15:29:29] 개발AI 실행
You've hit your session limit · resets 3:30pm (Asia/Seoul)
[15:29:32] 개발AI CLI가 비정상 종료했습니다 (코드 1)
[15:29:33] 개발AI CLI 실패 → 다음 회차로

════════════════════════════════════════
[15:29:33] 3회 모두 실패했습니다.
